FAILED + - AssertionError: 'This field must be unique.' != 'user with this email already exists.'
FAILED tests/users/test_register_view.py::UserRegistrationViewTest::test_user_creation - AssertionError: {'id'[82 chars]t_name': 'Lucira', 'last_name': 'Buster', 'is_superuser': True} != {'id'[8...
FAILED tests/users/test_user_detail_view.py::UserDetailViewsTest::test_retrieve_user_with_correct_user_token - AssertionError: {'id'[82 chars]t_name': 'Lucira', 'last_name': 'Buster', 'is_superuser': True} != {'id'[8... 
FAILED tests/users/test_user_detail_view.py::UserDetailViewsTest::test_update_user_with_correct_user_token - AssertionError: {'id'[100 chars] 'Lucira5000', 'last_name': 'Buster5000', 'is_superuser': True} != {'id'[...